===== LINUM VERIFIED STATE =====
2026-08-18T15:12:11-07:00

===== GIT =====
## master
 M pyproject.toml
 M tests/test_avx512_codegen.py
 M tests/test_neuro_symbolic_verifier.py
?? .repair_snapshot_20260818_150954/
?? build/
?? dist/
?? linum-compiler.spec
?? linum.egg-info/
?? linum/
?? quantum_runtime.elf
?? run_full_audit.sh
?? src/ast/quantum.py
?? src/c_auditor.py
?? test_complex.linum
?? test_main.linum
?? tests/test_c_auditor.py
?? tests/test_chrono_circuits.py
?? tests/test_leak_sentinel.py
?? tests/valid_audit_sample.linum
98a7704 (HEAD -> master) feat(spacetime): integrate discrete Regge Calculus triangulation constraint layers

===== SEMANTIC CORE =====
semantic-core: CLEAN

===== P0 =====
...........                                                              [100%]
11 passed in 0.22s

===== FULL =====
........................................................                 [100%]
56 passed, 5 deselected in 1.23s
